// Jest Snapshot v1, https://goo.gl/fbAQLP

exports[`Big Flash Card BigFlashCard render correctly 1`] = `
<div>
   
   
</div>
`;
