// Jest Snapshot v1, https://goo.gl/fbAQLP

exports[`StyledAvatar render correctly 1`] = `
<div>
   
   
</div>
`;
